y
60
110
5*y + sin(x)
299.9557573219149
cos(d)
10
-83.90715290764524
59.16092847092355
25
-0.9589242746631385
7.38905609893065
131.94689145077132
-7.0
0.2943999597006639